Epoch 001 | loss 1.5813 | val macro-F1 0.5415 | val acc 0.5906 | lr 3.00e-04 | 77.0s
  saved best checkpoint (val macro-F1: 0.5415)
Epoch 002 | loss 0.8638 | val macro-F1 0.7224 | val acc 0.7406 | lr 3.00e-04 | 77.2s
  saved best checkpoint (val macro-F1: 0.7224)
Epoch 003 | loss 0.5759 | val macro-F1 0.8373 | val acc 0.8437 | lr 3.00e-04 | 75.5s
  saved best checkpoint (val macro-F1: 0.8373)
Epoch 004 | loss 0.4593 | val macro-F1 0.8510 | val acc 0.8584 | lr 3.00e-04 | 75.7s
  saved best checkpoint (val macro-F1: 0.8510)
Epoch 005 | loss 0.3608 | val macro-F1 0.8958 | val acc 0.8962 | lr 3.00e-04 | 75.5s
  saved best checkpoint (val macro-F1: 0.8958)
--- Phase B: unfreeze all, OneCycleLR max_lr=0.001 ---
Epoch 006 | loss 0.2681 | val macro-F1 0.9133 | val acc 0.9206 | lr 2.22e-04 | 76.3s
  saved best checkpoint (val macro-F1: 0.9133)
Epoch 007 | loss 0.3923 | val macro-F1 0.7944 | val acc 0.7995 | lr 6.29e-04 | 75.9s
Epoch 008 | loss 0.5174 | val macro-F1 0.7223 | val acc 0.7566 | lr 9.54e-04 | 76.7s
Epoch 009 | loss 0.3657 | val macro-F1 0.8528 | val acc 0.8655 | lr 9.99e-04 | 76.3s
Epoch 010 | loss 0.3013 | val macro-F1 0.8739 | val acc 0.8860 | lr 9.94e-04 | 75.7s
Epoch 011 | loss 0.2007 | val macro-F1 0.8986 | val acc 0.9033 | lr 9.84e-04 | 75.8s
Epoch 012 | loss 0.2004 | val macro-F1 0.9087 | val acc 0.9097 | lr 9.70e-04 | 75.9s
Epoch 013 | loss 0.1219 | val macro-F1 0.9362 | val acc 0.9391 | lr 9.50e-04 | 75.4s
  saved best checkpoint (val macro-F1: 0.9362)
Epoch 014 | loss 0.1340 | val macro-F1 0.8878 | val acc 0.8911 | lr 9.26e-04 | 76.3s
Epoch 015 | loss 0.1346 | val macro-F1 0.9363 | val acc 0.9404 | lr 8.98e-04 | 75.6s
  saved best checkpoint (val macro-F1: 0.9363)
Epoch 016 | loss 0.1031 | val macro-F1 0.9357 | val acc 0.9359 | lr 8.66e-04 | 75.2s
Epoch 017 | loss 0.1297 | val macro-F1 0.9315 | val acc 0.9385 | lr 8.31e-04 | 74.7s
Epoch 018 | loss 0.1038 | val macro-F1 0.9541 | val acc 0.9584 | lr 7.92e-04 | 75.2s
  saved best checkpoint (val macro-F1: 0.9541)
Epoch 019 | loss 0.0603 | val macro-F1 0.9520 | val acc 0.9552 | lr 7.50e-04 | 75.9s
Epoch 020 | loss 0.0863 | val macro-F1 0.9518 | val acc 0.9520 | lr 7.05e-04 | 76.1s
Epoch 021 | loss 0.0702 | val macro-F1 0.9491 | val acc 0.9564 | lr 6.59e-04 | 75.2s
Epoch 022 | loss 0.0507 | val macro-F1 0.9505 | val acc 0.9545 | lr 6.11e-04 | 75.0s
Epoch 023 | loss 0.0512 | val macro-F1 0.9185 | val acc 0.9238 | lr 5.62e-04 | 75.7s
Epoch 024 | loss 0.0434 | val macro-F1 0.9074 | val acc 0.9244 | lr 5.12e-04 | 74.8s
Epoch 025 | loss 0.0483 | val macro-F1 0.9611 | val acc 0.9654 | lr 4.62e-04 | 75.2s
  saved best checkpoint (val macro-F1: 0.9611)
Epoch 026 | loss 0.0313 | val macro-F1 0.9681 | val acc 0.9680 | lr 4.13e-04 | 75.0s
  saved best checkpoint (val macro-F1: 0.9681)
Epoch 027 | loss 0.0214 | val macro-F1 0.9671 | val acc 0.9680 | lr 3.64e-04 | 74.7s
Epoch 028 | loss 0.0161 | val macro-F1 0.9701 | val acc 0.9712 | lr 3.17e-04 | 75.6s
  saved best checkpoint (val macro-F1: 0.9701)
Epoch 029 | loss 0.0146 | val macro-F1 0.9683 | val acc 0.9705 | lr 2.72e-04 | 74.7s
Epoch 030 | loss 0.0162 | val macro-F1 0.9705 | val acc 0.9718 | lr 2.28e-04 | 74.8s
  saved best checkpoint (val macro-F1: 0.9705)
Epoch 031 | loss 0.0095 | val macro-F1 0.9721 | val acc 0.9731 | lr 1.88e-04 | 75.8s
  saved best checkpoint (val macro-F1: 0.9721)
Epoch 032 | loss 0.0101 | val macro-F1 0.9746 | val acc 0.9750 | lr 1.51e-04 | 74.9s
  saved best checkpoint (val macro-F1: 0.9746)
Epoch 033 | loss 0.0117 | val macro-F1 0.9715 | val acc 0.9718 | lr 1.17e-04 | 75.3s
Epoch 034 | loss 0.0088 | val macro-F1 0.9714 | val acc 0.9725 | lr 8.66e-05 | 74.9s
Epoch 035 | loss 0.0078 | val macro-F1 0.9714 | val acc 0.9718 | lr 6.07e-05 | 75.6s
Epoch 036 | loss 0.0091 | val macro-F1 0.9711 | val acc 0.9718 | lr 3.91e-05 | 75.0s
Epoch 037 | loss 0.0067 | val macro-F1 0.9722 | val acc 0.9731 | lr 2.21e-05 | 75.0s
Epoch 038 | loss 0.0065 | val macro-F1 0.9722 | val acc 0.9731 | lr 9.83e-06 | 74.7s
Epoch 039 | loss 0.0078 | val macro-F1 0.9722 | val acc 0.9731 | lr 2.45e-06 | 75.0s
Epoch 040 | loss 0.0065 | val macro-F1 0.9722 | val acc 0.9731 | lr 4.19e-09 | 75.4s

Training complete. Best val macro-F1: 0.9746 @ epoch 32. Total: 50.4 min, peak VRAM 1586.2 MB

Loading best checkpoint for final val evaluation...

Measuring model cost and inference latency...
  params: 4.215 M  |  MACs: 0.234 G  |  ckpt: 17.07 MB
  CPU latency (mean/p95): 15.83 / 19.5 ms
  GPU latency (mean/p95): 10.57 / 11.55 ms
                          precision    recall  f1-score   support

   bacterial_leaf_blight     0.9452    0.9583    0.9517        72
   bacterial_leaf_streak     1.0000    1.0000    1.0000        57
bacterial_panicle_blight     0.9804    0.9804    0.9804        51
                   blast     0.9736    0.9885    0.9810       261
              brown_spot     1.0000    0.9517    0.9753       145
              dead_heart     1.0000    0.9861    0.9930       216
            downy_mildew     0.9375    0.9677    0.9524        93
                   hispa     0.9665    0.9665    0.9665       239
                  normal     0.9662    0.9735    0.9698       264
                  tungro     0.9755    0.9755    0.9755       163

                accuracy                         0.9750      1561
               macro avg     0.9745    0.9748    0.9746      1561
            weighted avg     0.9753    0.9750    0.9751      1561


Best val macro-F1: 0.9746 @ epoch 32
Results saved to: E:\GitHub\Personal\krishidoc_ml\experiments\exp08_mobilenetv3large_onecycle\results
Full log:         E:\GitHub\Personal\krishidoc_ml\experiments\exp08_mobilenetv3large_onecycle\results\training.log

Note: test set was NOT evaluated. Per protocol, test is locked until
the final winning experiment.
