Epoch 001 | loss 1.5639 | val macro-F1 0.4924 | val acc 0.5362 | lr 3.00e-04 | 83.9s
  saved best checkpoint (val macro-F1: 0.4924)
Epoch 002 | loss 0.8482 | val macro-F1 0.6992 | val acc 0.7271 | lr 3.00e-04 | 82.5s
  saved best checkpoint (val macro-F1: 0.6992)
Epoch 003 | loss 0.5815 | val macro-F1 0.8509 | val acc 0.8603 | lr 3.00e-04 | 84.2s
  saved best checkpoint (val macro-F1: 0.8509)
Epoch 004 | loss 0.4493 | val macro-F1 0.8564 | val acc 0.8687 | lr 3.00e-04 | 89.5s
  saved best checkpoint (val macro-F1: 0.8564)
Epoch 005 | loss 0.3564 | val macro-F1 0.8792 | val acc 0.8930 | lr 3.00e-04 | 90.5s
  saved best checkpoint (val macro-F1: 0.8792)
--- Phase B: unfreeze all, OneCycleLR max_lr=0.001 ---
Epoch 006 | loss 0.2651 | val macro-F1 0.9162 | val acc 0.9167 | lr 2.22e-04 | 86.7s
  saved best checkpoint (val macro-F1: 0.9162)
Epoch 007 | loss 0.4032 | val macro-F1 0.7806 | val acc 0.8040 | lr 6.29e-04 | 85.8s
Epoch 008 | loss 0.4854 | val macro-F1 0.7548 | val acc 0.7694 | lr 9.54e-04 | 81.2s
Epoch 009 | loss 0.3693 | val macro-F1 0.7733 | val acc 0.7662 | lr 9.99e-04 | 78.3s
Epoch 010 | loss 0.2905 | val macro-F1 0.8481 | val acc 0.8482 | lr 9.94e-04 | 78.3s
Epoch 011 | loss 0.2400 | val macro-F1 0.8679 | val acc 0.8828 | lr 9.84e-04 | 78.5s
Epoch 012 | loss 0.2297 | val macro-F1 0.8384 | val acc 0.8405 | lr 9.70e-04 | 78.7s
Epoch 013 | loss 0.1618 | val macro-F1 0.9293 | val acc 0.9308 | lr 9.50e-04 | 79.2s
  saved best checkpoint (val macro-F1: 0.9293)
Epoch 014 | loss 0.1374 | val macro-F1 0.9287 | val acc 0.9359 | lr 9.26e-04 | 78.3s
Epoch 015 | loss 0.1217 | val macro-F1 0.9504 | val acc 0.9552 | lr 8.98e-04 | 78.1s
  saved best checkpoint (val macro-F1: 0.9504)
Epoch 016 | loss 0.0932 | val macro-F1 0.9487 | val acc 0.9526 | lr 8.66e-04 | 78.2s
Epoch 017 | loss 0.0971 | val macro-F1 0.9469 | val acc 0.9488 | lr 8.31e-04 | 78.3s
Epoch 018 | loss 0.1050 | val macro-F1 0.9282 | val acc 0.9276 | lr 7.92e-04 | 79.0s
Epoch 019 | loss 0.0741 | val macro-F1 0.9571 | val acc 0.9596 | lr 7.50e-04 | 78.5s
  saved best checkpoint (val macro-F1: 0.9571)
Epoch 020 | loss 0.0506 | val macro-F1 0.9431 | val acc 0.9475 | lr 7.05e-04 | 78.2s
Epoch 021 | loss 0.0770 | val macro-F1 0.9473 | val acc 0.9494 | lr 6.59e-04 | 78.3s
Epoch 022 | loss 0.0603 | val macro-F1 0.9434 | val acc 0.9520 | lr 6.11e-04 | 78.2s
Epoch 023 | loss 0.0490 | val macro-F1 0.9565 | val acc 0.9577 | lr 5.62e-04 | 78.4s
Epoch 024 | loss 0.0348 | val macro-F1 0.9612 | val acc 0.9628 | lr 5.12e-04 | 78.6s
  saved best checkpoint (val macro-F1: 0.9612)
Epoch 025 | loss 0.0328 | val macro-F1 0.9649 | val acc 0.9680 | lr 4.62e-04 | 78.4s
  saved best checkpoint (val macro-F1: 0.9649)
Epoch 026 | loss 0.0310 | val macro-F1 0.9697 | val acc 0.9718 | lr 4.13e-04 | 78.9s
  saved best checkpoint (val macro-F1: 0.9697)
Epoch 027 | loss 0.0209 | val macro-F1 0.9703 | val acc 0.9699 | lr 3.64e-04 | 78.4s
  saved best checkpoint (val macro-F1: 0.9703)
Epoch 028 | loss 0.0177 | val macro-F1 0.9677 | val acc 0.9673 | lr 3.17e-04 | 78.8s
Epoch 029 | loss 0.0147 | val macro-F1 0.9677 | val acc 0.9667 | lr 2.72e-04 | 79.0s
Epoch 030 | loss 0.0160 | val macro-F1 0.9699 | val acc 0.9699 | lr 2.28e-04 | 78.2s
Epoch 031 | loss 0.0123 | val macro-F1 0.9711 | val acc 0.9712 | lr 1.88e-04 | 80.1s
  saved best checkpoint (val macro-F1: 0.9711)
Epoch 032 | loss 0.0099 | val macro-F1 0.9732 | val acc 0.9731 | lr 1.51e-04 | 78.6s
  saved best checkpoint (val macro-F1: 0.9732)
Epoch 033 | loss 0.0087 | val macro-F1 0.9749 | val acc 0.9744 | lr 1.17e-04 | 78.1s
  saved best checkpoint (val macro-F1: 0.9749)
Epoch 034 | loss 0.0083 | val macro-F1 0.9721 | val acc 0.9725 | lr 8.66e-05 | 78.0s
Epoch 035 | loss 0.0080 | val macro-F1 0.9720 | val acc 0.9725 | lr 6.07e-05 | 78.8s
Epoch 036 | loss 0.0060 | val macro-F1 0.9723 | val acc 0.9725 | lr 3.91e-05 | 78.4s
Epoch 037 | loss 0.0060 | val macro-F1 0.9730 | val acc 0.9731 | lr 2.21e-05 | 79.1s
Epoch 038 | loss 0.0075 | val macro-F1 0.9727 | val acc 0.9731 | lr 9.83e-06 | 79.2s
Epoch 039 | loss 0.0064 | val macro-F1 0.9730 | val acc 0.9731 | lr 2.45e-06 | 80.1s
Epoch 040 | loss 0.0062 | val macro-F1 0.9730 | val acc 0.9731 | lr 4.19e-09 | 79.1s

Training complete. Best val macro-F1: 0.9749 @ epoch 33. Total: 53.4 min, peak VRAM 1586.2 MB

Loading best checkpoint for final val evaluation...

Measuring model cost and inference latency...
  params: 4.215 M  |  MACs: 0.234 G  |  ckpt: 17.07 MB
  CPU latency (mean/p95): 16.84 / 21.53 ms
  GPU latency (mean/p95): 10.64 / 11.29 ms
                          precision    recall  f1-score   support

   bacterial_leaf_blight     0.9452    0.9583    0.9517        72
   bacterial_leaf_streak     1.0000    1.0000    1.0000        57
bacterial_panicle_blight     0.9808    1.0000    0.9903        51
                   blast     0.9588    0.9808    0.9697       261
              brown_spot     1.0000    0.9517    0.9753       145
              dead_heart     1.0000    0.9954    0.9977       216
            downy_mildew     0.9667    0.9355    0.9508        93
                   hispa     0.9547    0.9707    0.9627       239
                  normal     0.9808    0.9697    0.9752       264
                  tungro     0.9697    0.9816    0.9756       163

                accuracy                         0.9744      1561
               macro avg     0.9757    0.9744    0.9749      1561
            weighted avg     0.9746    0.9744    0.9744      1561


Best val macro-F1: 0.9749 @ epoch 33
Results saved to: E:\GitHub\Personal\krishidoc_ml\experiments\exp09_mobilenetv3large_onecycle_sweep\results\maxlr_1e3
Full log:         E:\GitHub\Personal\krishidoc_ml\experiments\exp09_mobilenetv3large_onecycle_sweep\results\maxlr_1e3\training.log

Note: test set was NOT evaluated. Per protocol, test is locked until
the final winning experiment.
