Epoch 001 | loss 1.5711 | val macro-F1 0.5035 | val acc 0.5580 | 75.3s
  saved best checkpoint (val macro-F1: 0.5035)
Epoch 002 | loss 0.8450 | val macro-F1 0.7393 | val acc 0.7482 | 74.7s
  saved best checkpoint (val macro-F1: 0.7393)
Epoch 003 | loss 0.5682 | val macro-F1 0.8335 | val acc 0.8386 | 74.9s
  saved best checkpoint (val macro-F1: 0.8335)
Epoch 004 | loss 0.4585 | val macro-F1 0.8618 | val acc 0.8719 | 74.7s
  saved best checkpoint (val macro-F1: 0.8618)
Epoch 005 | loss 0.3513 | val macro-F1 0.8940 | val acc 0.8937 | 74.5s
  saved best checkpoint (val macro-F1: 0.8940)
--- Phase B: unfreeze all, lr=5e-05, cosine annealing ---
Epoch 006 | loss 0.2621 | val macro-F1 0.9198 | val acc 0.9206 | 75.4s
  saved best checkpoint (val macro-F1: 0.9198)
Epoch 007 | loss 0.2095 | val macro-F1 0.9244 | val acc 0.9283 | 75.2s
  saved best checkpoint (val macro-F1: 0.9244)
Epoch 008 | loss 0.1869 | val macro-F1 0.9267 | val acc 0.9302 | 74.7s
  saved best checkpoint (val macro-F1: 0.9267)
Epoch 009 | loss 0.1603 | val macro-F1 0.9300 | val acc 0.9347 | 75.5s
  saved best checkpoint (val macro-F1: 0.9300)
Epoch 010 | loss 0.1476 | val macro-F1 0.9335 | val acc 0.9391 | 74.5s
  saved best checkpoint (val macro-F1: 0.9335)
Epoch 011 | loss 0.1318 | val macro-F1 0.9362 | val acc 0.9398 | 74.7s
  saved best checkpoint (val macro-F1: 0.9362)
Epoch 012 | loss 0.1128 | val macro-F1 0.9353 | val acc 0.9417 | 75.2s
Epoch 013 | loss 0.0994 | val macro-F1 0.9418 | val acc 0.9455 | 74.8s
  saved best checkpoint (val macro-F1: 0.9418)
Epoch 014 | loss 0.0921 | val macro-F1 0.9499 | val acc 0.9532 | 75.0s
  saved best checkpoint (val macro-F1: 0.9499)
Epoch 015 | loss 0.0843 | val macro-F1 0.9513 | val acc 0.9539 | 74.8s
  saved best checkpoint (val macro-F1: 0.9513)
Epoch 016 | loss 0.0747 | val macro-F1 0.9472 | val acc 0.9507 | 75.1s
Epoch 017 | loss 0.0732 | val macro-F1 0.9544 | val acc 0.9564 | 75.0s
  saved best checkpoint (val macro-F1: 0.9544)
Epoch 018 | loss 0.0702 | val macro-F1 0.9550 | val acc 0.9584 | 75.2s
  saved best checkpoint (val macro-F1: 0.9550)
Epoch 019 | loss 0.0650 | val macro-F1 0.9509 | val acc 0.9552 | 75.4s
Epoch 020 | loss 0.0618 | val macro-F1 0.9515 | val acc 0.9545 | 75.3s
Epoch 021 | loss 0.0597 | val macro-F1 0.9561 | val acc 0.9577 | 75.8s
  saved best checkpoint (val macro-F1: 0.9561)
Epoch 022 | loss 0.0516 | val macro-F1 0.9555 | val acc 0.9577 | 75.1s
Epoch 023 | loss 0.0531 | val macro-F1 0.9612 | val acc 0.9635 | 75.1s
  saved best checkpoint (val macro-F1: 0.9612)
Epoch 024 | loss 0.0480 | val macro-F1 0.9592 | val acc 0.9622 | 74.9s
Epoch 025 | loss 0.0465 | val macro-F1 0.9603 | val acc 0.9628 | 75.7s
Epoch 026 | loss 0.0415 | val macro-F1 0.9571 | val acc 0.9609 | 74.4s
Epoch 027 | loss 0.0427 | val macro-F1 0.9595 | val acc 0.9635 | 75.9s
Epoch 028 | loss 0.0430 | val macro-F1 0.9596 | val acc 0.9628 | 75.0s
Epoch 029 | loss 0.0392 | val macro-F1 0.9596 | val acc 0.9622 | 75.3s
Epoch 030 | loss 0.0410 | val macro-F1 0.9563 | val acc 0.9609 | 84.7s
Epoch 031 | loss 0.0388 | val macro-F1 0.9606 | val acc 0.9635 | 75.4s
Epoch 032 | loss 0.0353 | val macro-F1 0.9599 | val acc 0.9628 | 75.4s
Epoch 033 | loss 0.0350 | val macro-F1 0.9598 | val acc 0.9628 | 75.0s
Epoch 034 | loss 0.0324 | val macro-F1 0.9599 | val acc 0.9628 | 75.6s
Epoch 035 | loss 0.0326 | val macro-F1 0.9595 | val acc 0.9628 | 75.1s
Epoch 036 | loss 0.0296 | val macro-F1 0.9598 | val acc 0.9628 | 75.2s
Epoch 037 | loss 0.0316 | val macro-F1 0.9607 | val acc 0.9635 | 74.9s
Epoch 038 | loss 0.0308 | val macro-F1 0.9599 | val acc 0.9628 | 75.7s
Epoch 039 | loss 0.0273 | val macro-F1 0.9607 | val acc 0.9635 | 74.8s
Epoch 040 | loss 0.0312 | val macro-F1 0.9599 | val acc 0.9635 | 76.8s

Training complete. Best val macro-F1: 0.9612 @ epoch 23. Total: 50.3 min, peak VRAM 1586.2 MB

Loading best checkpoint for final val evaluation...

Measuring model cost and inference latency...
  params: 4.215 M  |  MACs: 0.234 G  |  ckpt: 17.07 MB
  CPU latency (mean/p95): 17.19 / 23.89 ms
  GPU latency (mean/p95): 11.09 / 12.54 ms
                          precision    recall  f1-score   support

   bacterial_leaf_blight     0.9577    0.9444    0.9510        72
   bacterial_leaf_streak     0.9661    1.0000    0.9828        57
bacterial_panicle_blight     0.9615    0.9804    0.9709        51
                   blast     0.9624    0.9808    0.9715       261
              brown_spot     0.9645    0.9379    0.9510       145
              dead_heart     0.9953    0.9815    0.9883       216
            downy_mildew     0.9149    0.9247    0.9198        93
                   hispa     0.9623    0.9623    0.9623       239
                  normal     0.9588    0.9697    0.9642       264
                  tungro     0.9623    0.9387    0.9503       163

                accuracy                         0.9635      1561
               macro avg     0.9606    0.9621    0.9612      1561
            weighted avg     0.9636    0.9635    0.9635      1561


Best val macro-F1: 0.9612 @ epoch 23
Results saved to: E:\GitHub\Personal\krishidoc_ml\experiments\exp07_mobilenetv3large_lr_sweep\results\default
Full log:         E:\GitHub\Personal\krishidoc_ml\experiments\exp07_mobilenetv3large_lr_sweep\results\default\training.log

Note: test set was NOT evaluated. Per protocol, test is locked until
the final winning experiment.
