Epoch 001 | loss 1.4317 | val macro-F1 0.4922 | val acc 0.5650
  saved best checkpoint (val macro-F1: 0.4922)
Epoch 002 | loss 0.6670 | val macro-F1 0.7470 | val acc 0.7822
  saved best checkpoint (val macro-F1: 0.7470)
Epoch 003 | loss 0.3901 | val macro-F1 0.8366 | val acc 0.8623
  saved best checkpoint (val macro-F1: 0.8366)
Epoch 004 | loss 0.2394 | val macro-F1 0.8629 | val acc 0.8776
  saved best checkpoint (val macro-F1: 0.8629)
Epoch 005 | loss 0.1635 | val macro-F1 0.8802 | val acc 0.8911
  saved best checkpoint (val macro-F1: 0.8802)
--- Phase B: unfreeze all, lr=5e-05, cosine annealing ---
Epoch 006 | loss 0.0945 | val macro-F1 0.9096 | val acc 0.9206
  saved best checkpoint (val macro-F1: 0.9096)
Epoch 007 | loss 0.0573 | val macro-F1 0.9036 | val acc 0.9148
Epoch 008 | loss 0.0474 | val macro-F1 0.9092 | val acc 0.9180
Epoch 009 | loss 0.0367 | val macro-F1 0.9135 | val acc 0.9244
  saved best checkpoint (val macro-F1: 0.9135)
Epoch 010 | loss 0.0308 | val macro-F1 0.9091 | val acc 0.9206
Epoch 011 | loss 0.0235 | val macro-F1 0.9134 | val acc 0.9250
Epoch 012 | loss 0.0205 | val macro-F1 0.9129 | val acc 0.9244
Epoch 013 | loss 0.0149 | val macro-F1 0.9181 | val acc 0.9289
  saved best checkpoint (val macro-F1: 0.9181)
Epoch 014 | loss 0.0131 | val macro-F1 0.9126 | val acc 0.9250
Epoch 015 | loss 0.0099 | val macro-F1 0.9131 | val acc 0.9257
Epoch 016 | loss 0.0100 | val macro-F1 0.9169 | val acc 0.9302
Epoch 017 | loss 0.0088 | val macro-F1 0.9179 | val acc 0.9289
Epoch 018 | loss 0.0078 | val macro-F1 0.9103 | val acc 0.9225
Epoch 019 | loss 0.0081 | val macro-F1 0.9191 | val acc 0.9302
  saved best checkpoint (val macro-F1: 0.9191)
Epoch 020 | loss 0.0060 | val macro-F1 0.9204 | val acc 0.9327
  saved best checkpoint (val macro-F1: 0.9204)
Epoch 021 | loss 0.0050 | val macro-F1 0.9163 | val acc 0.9302
Epoch 022 | loss 0.0048 | val macro-F1 0.9168 | val acc 0.9302
Epoch 023 | loss 0.0041 | val macro-F1 0.9186 | val acc 0.9295
Epoch 024 | loss 0.0037 | val macro-F1 0.9201 | val acc 0.9302
Epoch 025 | loss 0.0039 | val macro-F1 0.9183 | val acc 0.9295
Epoch 026 | loss 0.0033 | val macro-F1 0.9216 | val acc 0.9308
  saved best checkpoint (val macro-F1: 0.9216)
Epoch 027 | loss 0.0032 | val macro-F1 0.9200 | val acc 0.9308
Epoch 028 | loss 0.0035 | val macro-F1 0.9236 | val acc 0.9347
  saved best checkpoint (val macro-F1: 0.9236)
Epoch 029 | loss 0.0034 | val macro-F1 0.9222 | val acc 0.9334
Epoch 030 | loss 0.0026 | val macro-F1 0.9205 | val acc 0.9327
Epoch 031 | loss 0.0025 | val macro-F1 0.9217 | val acc 0.9334
Epoch 032 | loss 0.0026 | val macro-F1 0.9212 | val acc 0.9327
Epoch 033 | loss 0.0029 | val macro-F1 0.9240 | val acc 0.9353
  saved best checkpoint (val macro-F1: 0.9240)
Epoch 034 | loss 0.0025 | val macro-F1 0.9251 | val acc 0.9353
  saved best checkpoint (val macro-F1: 0.9251)
Epoch 035 | loss 0.0023 | val macro-F1 0.9251 | val acc 0.9347
  saved best checkpoint (val macro-F1: 0.9251)
Epoch 036 | loss 0.0022 | val macro-F1 0.9246 | val acc 0.9347
Epoch 037 | loss 0.0020 | val macro-F1 0.9234 | val acc 0.9340
Epoch 038 | loss 0.0021 | val macro-F1 0.9232 | val acc 0.9334
Epoch 039 | loss 0.0023 | val macro-F1 0.9233 | val acc 0.9340
Epoch 040 | loss 0.0019 | val macro-F1 0.9214 | val acc 0.9327

Training complete. Best val macro-F1: 0.9251 @ epoch 35

Loading best checkpoint for final val evaluation...
                          precision    recall  f1-score   support

   bacterial_leaf_blight     0.9194    0.7917    0.8507        72
   bacterial_leaf_streak     0.9815    0.9298    0.9550        57
bacterial_panicle_blight     0.9592    0.9216    0.9400        51
                   blast     0.9358    0.9502    0.9430       261
              brown_spot     0.9241    0.9241    0.9241       145
              dead_heart     0.9907    0.9815    0.9860       216
            downy_mildew     0.8941    0.8172    0.8539        93
                   hispa     0.9065    0.9331    0.9196       239
                  normal     0.9476    0.9583    0.9529       264
                  tungro     0.8966    0.9571    0.9258       163

                accuracy                         0.9347      1561
               macro avg     0.9355    0.9165    0.9251      1561
            weighted avg     0.9349    0.9347    0.9343      1561


Best val macro-F1: 0.9251 @ epoch 35
Results saved to: E:\GitHub\Personal\krishidoc_ml\experiments\exp01_mobilenetv3small_baseline\results
Full log:         E:\GitHub\Personal\krishidoc_ml\experiments\exp01_mobilenetv3small_baseline\results\training.log

Note: test set was NOT evaluated. Per protocol, test is locked until
the final winning experiment.
