Epoch 001 | loss 2.1399 | val macro-F1 0.4362 | val acc 0.4696 | lr 3.00e-04 | 96.8s
  saved best checkpoint (val macro-F1: 0.4362)
Epoch 002 | loss 1.7906 | val macro-F1 0.5282 | val acc 0.5625 | lr 3.00e-04 | 75.8s
  saved best checkpoint (val macro-F1: 0.5282)
Epoch 003 | loss 1.5236 | val macro-F1 0.6158 | val acc 0.6425 | lr 3.00e-04 | 75.7s
  saved best checkpoint (val macro-F1: 0.6158)
Epoch 004 | loss 1.3327 | val macro-F1 0.6738 | val acc 0.6925 | lr 3.00e-04 | 75.7s
  saved best checkpoint (val macro-F1: 0.6738)
Epoch 005 | loss 1.2093 | val macro-F1 0.6910 | val acc 0.7149 | lr 3.00e-04 | 79.2s
  saved best checkpoint (val macro-F1: 0.6910)
--- Phase B: unfreeze all, OneCycleLR max_lr=0.0005 ---
Epoch 006 | loss 1.1026 | val macro-F1 0.7372 | val acc 0.7604 | lr 1.11e-04 | 80.0s
  saved best checkpoint (val macro-F1: 0.7372)
Epoch 007 | loss 0.9826 | val macro-F1 0.8112 | val acc 0.8251 | lr 3.14e-04 | 88.5s
  saved best checkpoint (val macro-F1: 0.8112)
Epoch 008 | loss 0.8133 | val macro-F1 0.8194 | val acc 0.8360 | lr 4.77e-04 | 84.6s
  saved best checkpoint (val macro-F1: 0.8194)
Epoch 009 | loss 0.6803 | val macro-F1 0.8769 | val acc 0.8892 | lr 5.00e-04 | 77.1s
  saved best checkpoint (val macro-F1: 0.8769)
Epoch 010 | loss 0.5525 | val macro-F1 0.8863 | val acc 0.8975 | lr 4.97e-04 | 77.5s
  saved best checkpoint (val macro-F1: 0.8863)
Epoch 011 | loss 0.4538 | val macro-F1 0.9053 | val acc 0.9186 | lr 4.92e-04 | 77.1s
  saved best checkpoint (val macro-F1: 0.9053)
Epoch 012 | loss 0.3972 | val macro-F1 0.9154 | val acc 0.9263 | lr 4.85e-04 | 77.5s
  saved best checkpoint (val macro-F1: 0.9154)
Epoch 013 | loss 0.3450 | val macro-F1 0.9304 | val acc 0.9359 | lr 4.75e-04 | 77.7s
  saved best checkpoint (val macro-F1: 0.9304)
Epoch 014 | loss 0.2806 | val macro-F1 0.9422 | val acc 0.9449 | lr 4.63e-04 | 77.1s
  saved best checkpoint (val macro-F1: 0.9422)
Epoch 015 | loss 0.2753 | val macro-F1 0.9325 | val acc 0.9398 | lr 4.49e-04 | 77.5s
Epoch 016 | loss 0.2293 | val macro-F1 0.9511 | val acc 0.9552 | lr 4.33e-04 | 77.8s
  saved best checkpoint (val macro-F1: 0.9511)
Epoch 017 | loss 0.2246 | val macro-F1 0.9470 | val acc 0.9526 | lr 4.15e-04 | 78.2s
Epoch 018 | loss 0.2138 | val macro-F1 0.9559 | val acc 0.9596 | lr 3.96e-04 | 83.0s
  saved best checkpoint (val macro-F1: 0.9559)
Epoch 019 | loss 0.1636 | val macro-F1 0.9502 | val acc 0.9558 | lr 3.75e-04 | 78.0s
Epoch 020 | loss 0.1467 | val macro-F1 0.9551 | val acc 0.9603 | lr 3.53e-04 | 79.7s
Epoch 021 | loss 0.1502 | val macro-F1 0.9636 | val acc 0.9680 | lr 3.29e-04 | 77.2s
  saved best checkpoint (val macro-F1: 0.9636)
Epoch 022 | loss 0.1292 | val macro-F1 0.9602 | val acc 0.9641 | lr 3.05e-04 | 78.4s
Epoch 023 | loss 0.1266 | val macro-F1 0.9536 | val acc 0.9577 | lr 2.81e-04 | 77.2s
Epoch 024 | loss 0.1116 | val macro-F1 0.9564 | val acc 0.9616 | lr 2.56e-04 | 77.6s
Epoch 025 | loss 0.0986 | val macro-F1 0.9613 | val acc 0.9667 | lr 2.31e-04 | 77.5s
Epoch 026 | loss 0.0920 | val macro-F1 0.9644 | val acc 0.9699 | lr 2.06e-04 | 77.1s
  saved best checkpoint (val macro-F1: 0.9644)
Epoch 027 | loss 0.0787 | val macro-F1 0.9612 | val acc 0.9660 | lr 1.82e-04 | 77.3s
Epoch 028 | loss 0.0804 | val macro-F1 0.9636 | val acc 0.9680 | lr 1.58e-04 | 76.8s
Epoch 029 | loss 0.0679 | val macro-F1 0.9627 | val acc 0.9673 | lr 1.36e-04 | 76.6s
Epoch 030 | loss 0.0707 | val macro-F1 0.9637 | val acc 0.9673 | lr 1.14e-04 | 77.3s
Epoch 031 | loss 0.0573 | val macro-F1 0.9639 | val acc 0.9680 | lr 9.40e-05 | 76.6s
Epoch 032 | loss 0.0570 | val macro-F1 0.9648 | val acc 0.9699 | lr 7.53e-05 | 76.6s
  saved best checkpoint (val macro-F1: 0.9648)
Epoch 033 | loss 0.0575 | val macro-F1 0.9687 | val acc 0.9725 | lr 5.84e-05 | 76.7s
  saved best checkpoint (val macro-F1: 0.9687)
Epoch 034 | loss 0.0505 | val macro-F1 0.9682 | val acc 0.9718 | lr 4.33e-05 | 76.7s
Epoch 035 | loss 0.0493 | val macro-F1 0.9702 | val acc 0.9737 | lr 3.03e-05 | 77.1s
  saved best checkpoint (val macro-F1: 0.9702)
Epoch 036 | loss 0.0492 | val macro-F1 0.9701 | val acc 0.9731 | lr 1.95e-05 | 76.4s
Epoch 037 | loss 0.0495 | val macro-F1 0.9705 | val acc 0.9737 | lr 1.10e-05 | 76.5s
  saved best checkpoint (val macro-F1: 0.9705)
Epoch 038 | loss 0.0460 | val macro-F1 0.9713 | val acc 0.9744 | lr 4.92e-06 | 76.7s
  saved best checkpoint (val macro-F1: 0.9713)
Epoch 039 | loss 0.0461 | val macro-F1 0.9708 | val acc 0.9744 | lr 1.22e-06 | 76.5s
Epoch 040 | loss 0.0506 | val macro-F1 0.9693 | val acc 0.9725 | lr 2.10e-09 | 76.4s

Training complete. Best val macro-F1: 0.9713 @ epoch 38. Total: 52.3 min, peak VRAM 2977.0 MB

Loading best checkpoint for final val evaluation...

Measuring model cost and inference latency...
  params: 4.02 M  |  MACs: 0.414 G  |  ckpt: 16.38 MB
  CPU latency (mean/p95): 24.01 / 30.39 ms
  GPU latency (mean/p95): 14.95 / 21.27 ms
                          precision    recall  f1-score   support

   bacterial_leaf_blight     0.9444    0.9444    0.9444        72
   bacterial_leaf_streak     0.9828    1.0000    0.9913        57
bacterial_panicle_blight     0.9615    0.9804    0.9709        51
                   blast     0.9588    0.9808    0.9697       261
              brown_spot     0.9856    0.9448    0.9648       145
              dead_heart     0.9953    0.9815    0.9883       216
            downy_mildew     0.9362    0.9462    0.9412        93
                   hispa     0.9872    0.9665    0.9767       239
                  normal     0.9739    0.9886    0.9812       264
                  tungro     0.9817    0.9877    0.9847       163

                accuracy                         0.9744      1561
               macro avg     0.9707    0.9721    0.9713      1561
            weighted avg     0.9746    0.9744    0.9744      1561


Best val macro-F1: 0.9713 @ epoch 38
Results saved to: E:\GitHub\Personal\krishidoc_ml\experiments\exp14_efficientnet_b0_onecycle_sweep\results\maxlr_5e4
Full log:         E:\GitHub\Personal\krishidoc_ml\experiments\exp14_efficientnet_b0_onecycle_sweep\results\maxlr_5e4\training.log

Note: test set was NOT evaluated. Per protocol, test is locked until
the final winning experiment.
