Epoch 001 | loss 2.1351 | val macro-F1 0.3907 | val acc 0.4215 | lr 3.00e-04 | 75.4s
  saved best checkpoint (val macro-F1: 0.3907)
Epoch 002 | loss 1.7792 | val macro-F1 0.5493 | val acc 0.5759 | lr 3.00e-04 | 74.3s
  saved best checkpoint (val macro-F1: 0.5493)
Epoch 003 | loss 1.5132 | val macro-F1 0.6061 | val acc 0.6374 | lr 3.00e-04 | 74.2s
  saved best checkpoint (val macro-F1: 0.6061)
Epoch 004 | loss 1.3214 | val macro-F1 0.6852 | val acc 0.7079 | lr 3.00e-04 | 74.5s
  saved best checkpoint (val macro-F1: 0.6852)
Epoch 005 | loss 1.1833 | val macro-F1 0.7106 | val acc 0.7322 | lr 3.00e-04 | 74.3s
  saved best checkpoint (val macro-F1: 0.7106)
--- Phase B: unfreeze all, OneCycleLR max_lr=0.001 ---
Epoch 006 | loss 1.0570 | val macro-F1 0.7526 | val acc 0.7777 | lr 2.22e-04 | 76.6s
  saved best checkpoint (val macro-F1: 0.7526)
Epoch 007 | loss 0.9334 | val macro-F1 0.7822 | val acc 0.8033 | lr 6.29e-04 | 76.3s
  saved best checkpoint (val macro-F1: 0.7822)
Epoch 008 | loss 0.8613 | val macro-F1 0.7630 | val acc 0.7726 | lr 9.54e-04 | 76.5s
Epoch 009 | loss 0.7081 | val macro-F1 0.8342 | val acc 0.8495 | lr 9.99e-04 | 76.4s
  saved best checkpoint (val macro-F1: 0.8342)
Epoch 010 | loss 0.5682 | val macro-F1 0.8573 | val acc 0.8738 | lr 9.94e-04 | 76.5s
  saved best checkpoint (val macro-F1: 0.8573)
Epoch 011 | loss 0.5033 | val macro-F1 0.8445 | val acc 0.8437 | lr 9.84e-04 | 76.5s
Epoch 012 | loss 0.4392 | val macro-F1 0.8785 | val acc 0.8937 | lr 9.70e-04 | 76.0s
  saved best checkpoint (val macro-F1: 0.8785)
Epoch 013 | loss 0.3842 | val macro-F1 0.9251 | val acc 0.9315 | lr 9.50e-04 | 76.3s
  saved best checkpoint (val macro-F1: 0.9251)
Epoch 014 | loss 0.3054 | val macro-F1 0.8906 | val acc 0.9020 | lr 9.26e-04 | 77.3s
Epoch 015 | loss 0.2820 | val macro-F1 0.9165 | val acc 0.9244 | lr 8.98e-04 | 77.0s
Epoch 016 | loss 0.2664 | val macro-F1 0.9245 | val acc 0.9347 | lr 8.66e-04 | 76.4s
Epoch 017 | loss 0.2524 | val macro-F1 0.9380 | val acc 0.9443 | lr 8.31e-04 | 76.3s
  saved best checkpoint (val macro-F1: 0.9380)
Epoch 018 | loss 0.2252 | val macro-F1 0.9433 | val acc 0.9500 | lr 7.92e-04 | 76.3s
  saved best checkpoint (val macro-F1: 0.9433)
Epoch 019 | loss 0.1923 | val macro-F1 0.9457 | val acc 0.9500 | lr 7.50e-04 | 76.4s
  saved best checkpoint (val macro-F1: 0.9457)
Epoch 020 | loss 0.1771 | val macro-F1 0.9356 | val acc 0.9417 | lr 7.05e-04 | 77.5s
Epoch 021 | loss 0.1700 | val macro-F1 0.9467 | val acc 0.9526 | lr 6.59e-04 | 78.6s
  saved best checkpoint (val macro-F1: 0.9467)
Epoch 022 | loss 0.1221 | val macro-F1 0.9597 | val acc 0.9648 | lr 6.11e-04 | 76.3s
  saved best checkpoint (val macro-F1: 0.9597)
Epoch 023 | loss 0.1231 | val macro-F1 0.9493 | val acc 0.9558 | lr 5.62e-04 | 76.5s
Epoch 024 | loss 0.1172 | val macro-F1 0.9522 | val acc 0.9603 | lr 5.12e-04 | 76.4s
Epoch 025 | loss 0.1029 | val macro-F1 0.9546 | val acc 0.9616 | lr 4.62e-04 | 76.6s
Epoch 026 | loss 0.0811 | val macro-F1 0.9570 | val acc 0.9628 | lr 4.13e-04 | 76.6s
Epoch 027 | loss 0.0786 | val macro-F1 0.9524 | val acc 0.9616 | lr 3.64e-04 | 76.3s
Epoch 028 | loss 0.0750 | val macro-F1 0.9519 | val acc 0.9596 | lr 3.17e-04 | 78.6s
Epoch 029 | loss 0.0677 | val macro-F1 0.9588 | val acc 0.9660 | lr 2.72e-04 | 91.8s
Epoch 030 | loss 0.0620 | val macro-F1 0.9583 | val acc 0.9641 | lr 2.28e-04 | 76.8s
Epoch 031 | loss 0.0486 | val macro-F1 0.9592 | val acc 0.9654 | lr 1.88e-04 | 76.3s
Epoch 032 | loss 0.0486 | val macro-F1 0.9534 | val acc 0.9609 | lr 1.51e-04 | 76.4s
Epoch 033 | loss 0.0478 | val macro-F1 0.9595 | val acc 0.9660 | lr 1.17e-04 | 76.5s
Epoch 034 | loss 0.0472 | val macro-F1 0.9613 | val acc 0.9667 | lr 8.66e-05 | 76.4s
  saved best checkpoint (val macro-F1: 0.9613)
Epoch 035 | loss 0.0415 | val macro-F1 0.9606 | val acc 0.9660 | lr 6.07e-05 | 76.3s
Epoch 036 | loss 0.0375 | val macro-F1 0.9622 | val acc 0.9673 | lr 3.91e-05 | 76.1s
  saved best checkpoint (val macro-F1: 0.9622)
Epoch 037 | loss 0.0390 | val macro-F1 0.9590 | val acc 0.9654 | lr 2.21e-05 | 76.5s
Epoch 038 | loss 0.0364 | val macro-F1 0.9632 | val acc 0.9693 | lr 9.83e-06 | 76.8s
  saved best checkpoint (val macro-F1: 0.9632)
Epoch 039 | loss 0.0303 | val macro-F1 0.9633 | val acc 0.9686 | lr 2.45e-06 | 85.8s
  saved best checkpoint (val macro-F1: 0.9633)
Epoch 040 | loss 0.0365 | val macro-F1 0.9609 | val acc 0.9673 | lr 4.19e-09 | 82.4s

Training complete. Best val macro-F1: 0.9633 @ epoch 39. Total: 51.4 min, peak VRAM 2977.0 MB

Loading best checkpoint for final val evaluation...

Measuring model cost and inference latency...
  params: 4.02 M  |  MACs: 0.414 G  |  ckpt: 16.38 MB
  CPU latency (mean/p95): 24.7 / 32.16 ms
  GPU latency (mean/p95): 13.4 / 13.74 ms
                          precision    recall  f1-score   support

   bacterial_leaf_blight     0.9714    0.9444    0.9577        72
   bacterial_leaf_streak     0.9661    1.0000    0.9828        57
bacterial_panicle_blight     0.9583    0.9020    0.9293        51
                   blast     0.9698    0.9847    0.9772       261
              brown_spot     0.9856    0.9448    0.9648       145
              dead_heart     0.9953    0.9815    0.9883       216
            downy_mildew     0.9348    0.9247    0.9297        93
                   hispa     0.9707    0.9707    0.9707       239
                  normal     0.9556    0.9773    0.9663       264
                  tungro     0.9578    0.9755    0.9666       163

                accuracy                         0.9686      1561
               macro avg     0.9665    0.9606    0.9633      1561
            weighted avg     0.9688    0.9686    0.9686      1561


Best val macro-F1: 0.9633 @ epoch 39
Results saved to: E:\GitHub\Personal\krishidoc_ml\experiments\exp14_efficientnet_b0_onecycle_sweep\results\maxlr_1e3
Full log:         E:\GitHub\Personal\krishidoc_ml\experiments\exp14_efficientnet_b0_onecycle_sweep\results\maxlr_1e3\training.log

Note: test set was NOT evaluated. Per protocol, test is locked until
the final winning experiment.
