Epoch 001 | loss 2.1461 | val macro-F1 0.4086 | val acc 0.4433 | lr 3.00e-04 | 75.4s
  saved best checkpoint (val macro-F1: 0.4086)
Epoch 002 | loss 1.7623 | val macro-F1 0.5315 | val acc 0.5669 | lr 3.00e-04 | 74.4s
  saved best checkpoint (val macro-F1: 0.5315)
Epoch 003 | loss 1.4745 | val macro-F1 0.6243 | val acc 0.6489 | lr 3.00e-04 | 74.3s
  saved best checkpoint (val macro-F1: 0.6243)
Epoch 004 | loss 1.2960 | val macro-F1 0.6765 | val acc 0.6931 | lr 3.00e-04 | 75.1s
  saved best checkpoint (val macro-F1: 0.6765)
Epoch 005 | loss 1.1646 | val macro-F1 0.7101 | val acc 0.7316 | lr 3.00e-04 | 74.6s
  saved best checkpoint (val macro-F1: 0.7101)
--- Phase B: unfreeze all, OneCycleLR max_lr=0.001 ---
Epoch 006 | loss 1.0520 | val macro-F1 0.7648 | val acc 0.7835 | lr 2.22e-04 | 76.5s
  saved best checkpoint (val macro-F1: 0.7648)
Epoch 007 | loss 0.9179 | val macro-F1 0.7909 | val acc 0.8174 | lr 6.29e-04 | 76.3s
  saved best checkpoint (val macro-F1: 0.7909)
Epoch 008 | loss 0.8161 | val macro-F1 0.7971 | val acc 0.8206 | lr 9.54e-04 | 76.3s
  saved best checkpoint (val macro-F1: 0.7971)
Epoch 009 | loss 0.7371 | val macro-F1 0.8557 | val acc 0.8700 | lr 9.99e-04 | 76.4s
  saved best checkpoint (val macro-F1: 0.8557)
Epoch 010 | loss 0.5597 | val macro-F1 0.8433 | val acc 0.8674 | lr 9.94e-04 | 76.3s
Epoch 011 | loss 0.4545 | val macro-F1 0.9157 | val acc 0.9218 | lr 9.84e-04 | 76.4s
  saved best checkpoint (val macro-F1: 0.9157)
Epoch 012 | loss 0.4327 | val macro-F1 0.8883 | val acc 0.8988 | lr 9.70e-04 | 77.2s
Epoch 013 | loss 0.3442 | val macro-F1 0.8918 | val acc 0.9078 | lr 9.50e-04 | 76.5s
Epoch 014 | loss 0.3165 | val macro-F1 0.9236 | val acc 0.9321 | lr 9.26e-04 | 76.5s
  saved best checkpoint (val macro-F1: 0.9236)
Epoch 015 | loss 0.2670 | val macro-F1 0.9242 | val acc 0.9302 | lr 8.98e-04 | 76.7s
  saved best checkpoint (val macro-F1: 0.9242)
Epoch 016 | loss 0.2594 | val macro-F1 0.9125 | val acc 0.9225 | lr 8.66e-04 | 76.5s
Epoch 017 | loss 0.2305 | val macro-F1 0.9348 | val acc 0.9411 | lr 8.31e-04 | 76.4s
  saved best checkpoint (val macro-F1: 0.9348)
Epoch 018 | loss 0.2182 | val macro-F1 0.9505 | val acc 0.9552 | lr 7.92e-04 | 76.5s
  saved best checkpoint (val macro-F1: 0.9505)
Epoch 019 | loss 0.1715 | val macro-F1 0.9464 | val acc 0.9494 | lr 7.50e-04 | 76.1s
Epoch 020 | loss 0.1662 | val macro-F1 0.9472 | val acc 0.9526 | lr 7.05e-04 | 76.4s
Epoch 021 | loss 0.1392 | val macro-F1 0.9528 | val acc 0.9545 | lr 6.59e-04 | 76.4s
  saved best checkpoint (val macro-F1: 0.9528)
Epoch 022 | loss 0.1252 | val macro-F1 0.9477 | val acc 0.9539 | lr 6.11e-04 | 76.7s
Epoch 023 | loss 0.1267 | val macro-F1 0.9480 | val acc 0.9526 | lr 5.62e-04 | 76.7s
Epoch 024 | loss 0.1162 | val macro-F1 0.9505 | val acc 0.9526 | lr 5.12e-04 | 77.0s
Epoch 025 | loss 0.1015 | val macro-F1 0.9594 | val acc 0.9622 | lr 4.62e-04 | 76.6s
  saved best checkpoint (val macro-F1: 0.9594)
Epoch 026 | loss 0.0924 | val macro-F1 0.9469 | val acc 0.9545 | lr 4.13e-04 | 76.9s
Epoch 027 | loss 0.0823 | val macro-F1 0.9575 | val acc 0.9609 | lr 3.64e-04 | 76.8s
Epoch 028 | loss 0.0635 | val macro-F1 0.9586 | val acc 0.9622 | lr 3.17e-04 | 76.8s
Epoch 029 | loss 0.0655 | val macro-F1 0.9599 | val acc 0.9635 | lr 2.72e-04 | 77.0s
  saved best checkpoint (val macro-F1: 0.9599)
Epoch 030 | loss 0.0602 | val macro-F1 0.9603 | val acc 0.9641 | lr 2.28e-04 | 79.0s
  saved best checkpoint (val macro-F1: 0.9603)
Epoch 031 | loss 0.0507 | val macro-F1 0.9644 | val acc 0.9667 | lr 1.88e-04 | 93.7s
  saved best checkpoint (val macro-F1: 0.9644)
Epoch 032 | loss 0.0470 | val macro-F1 0.9662 | val acc 0.9686 | lr 1.51e-04 | 76.7s
  saved best checkpoint (val macro-F1: 0.9662)
Epoch 033 | loss 0.0405 | val macro-F1 0.9683 | val acc 0.9712 | lr 1.17e-04 | 76.6s
  saved best checkpoint (val macro-F1: 0.9683)
Epoch 034 | loss 0.0390 | val macro-F1 0.9684 | val acc 0.9712 | lr 8.66e-05 | 76.5s
  saved best checkpoint (val macro-F1: 0.9684)
Epoch 035 | loss 0.0338 | val macro-F1 0.9690 | val acc 0.9712 | lr 6.07e-05 | 76.7s
  saved best checkpoint (val macro-F1: 0.9690)
Epoch 036 | loss 0.0383 | val macro-F1 0.9701 | val acc 0.9718 | lr 3.91e-05 | 76.7s
  saved best checkpoint (val macro-F1: 0.9701)
Epoch 037 | loss 0.0369 | val macro-F1 0.9688 | val acc 0.9712 | lr 2.21e-05 | 76.9s
Epoch 038 | loss 0.0306 | val macro-F1 0.9686 | val acc 0.9712 | lr 9.83e-06 | 77.0s
Epoch 039 | loss 0.0348 | val macro-F1 0.9689 | val acc 0.9705 | lr 2.45e-06 | 76.8s
Epoch 040 | loss 0.0325 | val macro-F1 0.9677 | val acc 0.9699 | lr 4.19e-09 | 76.6s

Training complete. Best val macro-F1: 0.9701 @ epoch 36. Total: 51.3 min, peak VRAM 2977.0 MB

Loading best checkpoint for final val evaluation...

Measuring model cost and inference latency...
  params: 4.02 M  |  MACs: 0.414 G  |  ckpt: 16.38 MB
  CPU latency (mean/p95): 26.01 / 34.85 ms
  GPU latency (mean/p95): 13.32 / 13.78 ms
                          precision    recall  f1-score   support

   bacterial_leaf_blight     0.9459    0.9722    0.9589        72
   bacterial_leaf_streak     0.9828    1.0000    0.9913        57
bacterial_panicle_blight     0.9804    0.9804    0.9804        51
                   blast     0.9693    0.9693    0.9693       261
              brown_spot     0.9928    0.9517    0.9718       145
              dead_heart     1.0000    0.9954    0.9977       216
            downy_mildew     0.9072    0.9462    0.9263        93
                   hispa     0.9746    0.9623    0.9684       239
                  normal     0.9738    0.9848    0.9793       264
                  tungro     0.9571    0.9571    0.9571       163

                accuracy                         0.9718      1561
               macro avg     0.9684    0.9720    0.9701      1561
            weighted avg     0.9721    0.9718    0.9719      1561


Best val macro-F1: 0.9701 @ epoch 36
Results saved to: E:\GitHub\Personal\krishidoc_ml\experiments\exp13_efficientnet_b0_onecycle\results
Full log:         E:\GitHub\Personal\krishidoc_ml\experiments\exp13_efficientnet_b0_onecycle\results\training.log

Note: test set was NOT evaluated. Per protocol, test is locked until
the final winning experiment.
