Epoch 001 | loss 1.2742 | val macro-F1 0.5632 | val acc 0.6118 | 75.7s
  saved best checkpoint (val macro-F1: 0.5632)
Epoch 002 | loss 0.6735 | val macro-F1 0.7648 | val acc 0.7841 | 74.2s
  saved best checkpoint (val macro-F1: 0.7648)
Epoch 003 | loss 0.4685 | val macro-F1 0.7626 | val acc 0.7771 | 74.7s
Epoch 004 | loss 0.3738 | val macro-F1 0.8661 | val acc 0.8757 | 75.0s
  saved best checkpoint (val macro-F1: 0.8661)
Epoch 005 | loss 0.2937 | val macro-F1 0.8980 | val acc 0.8994 | 97.3s
  saved best checkpoint (val macro-F1: 0.8980)
--- Phase B: unfreeze all, lr=0.0001, cosine annealing ---
Epoch 006 | loss 0.1719 | val macro-F1 0.9492 | val acc 0.9500 | 105.2s
  saved best checkpoint (val macro-F1: 0.9492)
Epoch 007 | loss 0.1183 | val macro-F1 0.9415 | val acc 0.9475 | 81.0s
Epoch 008 | loss 0.1029 | val macro-F1 0.9492 | val acc 0.9507 | 77.9s
Epoch 009 | loss 0.0811 | val macro-F1 0.9569 | val acc 0.9596 | 76.6s
  saved best checkpoint (val macro-F1: 0.9569)
Epoch 010 | loss 0.0721 | val macro-F1 0.9612 | val acc 0.9635 | 75.3s
  saved best checkpoint (val macro-F1: 0.9612)
Epoch 011 | loss 0.0652 | val macro-F1 0.9610 | val acc 0.9648 | 75.2s
Epoch 012 | loss 0.0632 | val macro-F1 0.9457 | val acc 0.9532 | 74.6s
Epoch 013 | loss 0.0585 | val macro-F1 0.9485 | val acc 0.9526 | 74.8s
Epoch 014 | loss 0.0495 | val macro-F1 0.9594 | val acc 0.9641 | 75.0s
Epoch 015 | loss 0.0427 | val macro-F1 0.9604 | val acc 0.9641 | 79.8s
Epoch 016 | loss 0.0358 | val macro-F1 0.9533 | val acc 0.9596 | 75.4s
Epoch 017 | loss 0.0322 | val macro-F1 0.9620 | val acc 0.9648 | 74.8s
  saved best checkpoint (val macro-F1: 0.9620)
Epoch 018 | loss 0.0336 | val macro-F1 0.9640 | val acc 0.9660 | 74.9s
  saved best checkpoint (val macro-F1: 0.9640)
Epoch 019 | loss 0.0370 | val macro-F1 0.9608 | val acc 0.9641 | 75.4s
Epoch 020 | loss 0.0322 | val macro-F1 0.9548 | val acc 0.9603 | 74.7s
Epoch 021 | loss 0.0281 | val macro-F1 0.9621 | val acc 0.9641 | 74.8s
Epoch 022 | loss 0.0252 | val macro-F1 0.9551 | val acc 0.9622 | 74.6s
Epoch 023 | loss 0.0271 | val macro-F1 0.9622 | val acc 0.9648 | 74.7s
Epoch 024 | loss 0.0223 | val macro-F1 0.9598 | val acc 0.9648 | 74.5s
Epoch 025 | loss 0.0199 | val macro-F1 0.9665 | val acc 0.9693 | 75.3s
  saved best checkpoint (val macro-F1: 0.9665)
Epoch 026 | loss 0.0208 | val macro-F1 0.9653 | val acc 0.9680 | 74.5s
Epoch 027 | loss 0.0180 | val macro-F1 0.9671 | val acc 0.9699 | 74.6s
  saved best checkpoint (val macro-F1: 0.9671)
Epoch 028 | loss 0.0164 | val macro-F1 0.9646 | val acc 0.9686 | 74.9s
Epoch 029 | loss 0.0135 | val macro-F1 0.9652 | val acc 0.9686 | 74.4s
Epoch 030 | loss 0.0146 | val macro-F1 0.9664 | val acc 0.9699 | 74.5s
Epoch 031 | loss 0.0156 | val macro-F1 0.9656 | val acc 0.9686 | 74.6s
Epoch 032 | loss 0.0165 | val macro-F1 0.9665 | val acc 0.9686 | 74.6s
Epoch 033 | loss 0.0134 | val macro-F1 0.9676 | val acc 0.9693 | 75.0s
  saved best checkpoint (val macro-F1: 0.9676)
Epoch 034 | loss 0.0122 | val macro-F1 0.9639 | val acc 0.9660 | 74.5s
Epoch 035 | loss 0.0102 | val macro-F1 0.9646 | val acc 0.9667 | 74.4s
Epoch 036 | loss 0.0134 | val macro-F1 0.9650 | val acc 0.9673 | 74.6s
Epoch 037 | loss 0.0117 | val macro-F1 0.9646 | val acc 0.9667 | 74.7s
Epoch 038 | loss 0.0122 | val macro-F1 0.9646 | val acc 0.9667 | 74.4s
Epoch 039 | loss 0.0108 | val macro-F1 0.9646 | val acc 0.9667 | 74.4s
Epoch 040 | loss 0.0104 | val macro-F1 0.9650 | val acc 0.9673 | 74.4s

Training complete. Best val macro-F1: 0.9676 @ epoch 33. Total: 51.0 min, peak VRAM 1586.2 MB

Loading best checkpoint for final val evaluation...

Measuring model cost and inference latency...
  params: 4.215 M  |  MACs: 0.234 G  |  ckpt: 17.07 MB
  CPU latency (mean/p95): 16.35 / 24.42 ms
  GPU latency (mean/p95): 10.25 / 10.65 ms
                          precision    recall  f1-score   support

   bacterial_leaf_blight     0.9437    0.9306    0.9371        72
   bacterial_leaf_streak     1.0000    0.9825    0.9912        57
bacterial_panicle_blight     0.9804    0.9804    0.9804        51
                   blast     0.9515    0.9770    0.9641       261
              brown_spot     0.9928    0.9517    0.9718       145
              dead_heart     0.9953    0.9861    0.9907       216
            downy_mildew     0.9451    0.9247    0.9348        93
                   hispa     0.9545    0.9665    0.9605       239
                  normal     0.9774    0.9811    0.9792       264
                  tungro     0.9634    0.9693    0.9664       163

                accuracy                         0.9693      1561
               macro avg     0.9704    0.9650    0.9676      1561
            weighted avg     0.9695    0.9693    0.9693      1561


Best val macro-F1: 0.9676 @ epoch 33
Results saved to: E:\GitHub\Personal\krishidoc_ml\experiments\exp07_mobilenetv3large_lr_sweep\results\high
Full log:         E:\GitHub\Personal\krishidoc_ml\experiments\exp07_mobilenetv3large_lr_sweep\results\high\training.log

Note: test set was NOT evaluated. Per protocol, test is locked until
the final winning experiment.
