Epoch 001 | loss 2.1339 | val macro-F1 0.4167 | val acc 0.4529 | 75.4s
  saved best checkpoint (val macro-F1: 0.4167)
Epoch 002 | loss 1.8011 | val macro-F1 0.5446 | val acc 0.5695 | 74.0s
  saved best checkpoint (val macro-F1: 0.5446)
Epoch 003 | loss 1.5221 | val macro-F1 0.6203 | val acc 0.6496 | 74.2s
  saved best checkpoint (val macro-F1: 0.6203)
Epoch 004 | loss 1.3272 | val macro-F1 0.6658 | val acc 0.6887 | 75.2s
  saved best checkpoint (val macro-F1: 0.6658)
Epoch 005 | loss 1.1993 | val macro-F1 0.6911 | val acc 0.7194 | 74.8s
  saved best checkpoint (val macro-F1: 0.6911)
--- Phase B: unfreeze all, lr=5e-05, cosine annealing ---
Epoch 006 | loss 1.0830 | val macro-F1 0.7367 | val acc 0.7611 | 76.4s
  saved best checkpoint (val macro-F1: 0.7367)
Epoch 007 | loss 0.9781 | val macro-F1 0.7606 | val acc 0.7796 | 76.7s
  saved best checkpoint (val macro-F1: 0.7606)
Epoch 008 | loss 0.9005 | val macro-F1 0.7861 | val acc 0.7988 | 76.7s
  saved best checkpoint (val macro-F1: 0.7861)
Epoch 009 | loss 0.8378 | val macro-F1 0.8160 | val acc 0.8283 | 76.7s
  saved best checkpoint (val macro-F1: 0.8160)
Epoch 010 | loss 0.7669 | val macro-F1 0.8337 | val acc 0.8456 | 77.5s
  saved best checkpoint (val macro-F1: 0.8337)
Epoch 011 | loss 0.7089 | val macro-F1 0.8446 | val acc 0.8539 | 76.6s
  saved best checkpoint (val macro-F1: 0.8446)
Epoch 012 | loss 0.6656 | val macro-F1 0.8568 | val acc 0.8680 | 76.5s
  saved best checkpoint (val macro-F1: 0.8568)
Epoch 013 | loss 0.6194 | val macro-F1 0.8595 | val acc 0.8725 | 76.6s
  saved best checkpoint (val macro-F1: 0.8595)
Epoch 014 | loss 0.5790 | val macro-F1 0.8707 | val acc 0.8802 | 76.8s
  saved best checkpoint (val macro-F1: 0.8707)
Epoch 015 | loss 0.5557 | val macro-F1 0.8859 | val acc 0.8924 | 77.3s
  saved best checkpoint (val macro-F1: 0.8859)
Epoch 016 | loss 0.5281 | val macro-F1 0.8926 | val acc 0.9013 | 76.7s
  saved best checkpoint (val macro-F1: 0.8926)
Epoch 017 | loss 0.5011 | val macro-F1 0.8960 | val acc 0.9045 | 76.5s
  saved best checkpoint (val macro-F1: 0.8960)
Epoch 018 | loss 0.4811 | val macro-F1 0.8979 | val acc 0.9058 | 76.5s
  saved best checkpoint (val macro-F1: 0.8979)
Epoch 019 | loss 0.4593 | val macro-F1 0.9096 | val acc 0.9154 | 76.5s
  saved best checkpoint (val macro-F1: 0.9096)
Epoch 020 | loss 0.4259 | val macro-F1 0.9176 | val acc 0.9231 | 76.8s
  saved best checkpoint (val macro-F1: 0.9176)
Epoch 021 | loss 0.4239 | val macro-F1 0.9211 | val acc 0.9263 | 76.5s
  saved best checkpoint (val macro-F1: 0.9211)
Epoch 022 | loss 0.4203 | val macro-F1 0.9219 | val acc 0.9276 | 76.8s
  saved best checkpoint (val macro-F1: 0.9219)
Epoch 023 | loss 0.3849 | val macro-F1 0.9279 | val acc 0.9334 | 76.7s
  saved best checkpoint (val macro-F1: 0.9279)
Epoch 024 | loss 0.3728 | val macro-F1 0.9266 | val acc 0.9321 | 77.0s
Epoch 025 | loss 0.3720 | val macro-F1 0.9288 | val acc 0.9340 | 76.7s
  saved best checkpoint (val macro-F1: 0.9288)
Epoch 026 | loss 0.3488 | val macro-F1 0.9271 | val acc 0.9315 | 76.7s
Epoch 027 | loss 0.3489 | val macro-F1 0.9290 | val acc 0.9340 | 76.5s
  saved best checkpoint (val macro-F1: 0.9290)
Epoch 028 | loss 0.3346 | val macro-F1 0.9281 | val acc 0.9334 | 76.9s
Epoch 029 | loss 0.3235 | val macro-F1 0.9307 | val acc 0.9353 | 76.6s
  saved best checkpoint (val macro-F1: 0.9307)
Epoch 030 | loss 0.3354 | val macro-F1 0.9254 | val acc 0.9327 | 76.6s
Epoch 031 | loss 0.3268 | val macro-F1 0.9321 | val acc 0.9372 | 76.6s
  saved best checkpoint (val macro-F1: 0.9321)
Epoch 032 | loss 0.3224 | val macro-F1 0.9296 | val acc 0.9359 | 76.6s
Epoch 033 | loss 0.3169 | val macro-F1 0.9309 | val acc 0.9366 | 76.5s
Epoch 034 | loss 0.3247 | val macro-F1 0.9319 | val acc 0.9379 | 76.7s
Epoch 035 | loss 0.3068 | val macro-F1 0.9321 | val acc 0.9379 | 76.5s
  saved best checkpoint (val macro-F1: 0.9321)
Epoch 036 | loss 0.3135 | val macro-F1 0.9308 | val acc 0.9366 | 76.4s
Epoch 037 | loss 0.3110 | val macro-F1 0.9317 | val acc 0.9372 | 76.4s
Epoch 038 | loss 0.3141 | val macro-F1 0.9329 | val acc 0.9379 | 76.1s
  saved best checkpoint (val macro-F1: 0.9329)
Epoch 039 | loss 0.3087 | val macro-F1 0.9292 | val acc 0.9353 | 76.3s
Epoch 040 | loss 0.3052 | val macro-F1 0.9282 | val acc 0.9347 | 77.0s

Training complete. Best val macro-F1: 0.9329 @ epoch 38. Total: 51.0 min, peak VRAM 2977.0 MB

Loading best checkpoint for final val evaluation...

Measuring model cost and inference latency...
  params: 4.02 M  |  MACs: 0.414 G  |  ckpt: 16.38 MB
  CPU latency (mean/p95): 24.07 / 31.3 ms
  GPU latency (mean/p95): 13.15 / 13.74 ms
                          precision    recall  f1-score   support

   bacterial_leaf_blight     0.8986    0.8611    0.8794        72
   bacterial_leaf_streak     0.9483    0.9649    0.9565        57
bacterial_panicle_blight     0.9615    0.9804    0.9709        51
                   blast     0.9409    0.9157    0.9282       261
              brown_spot     0.9291    0.9034    0.9161       145
              dead_heart     1.0000    0.9769    0.9883       216
            downy_mildew     0.8571    0.9032    0.8796        93
                   hispa     0.9489    0.9331    0.9409       239
                  normal     0.9449    0.9735    0.9590       264
                  tungro     0.8889    0.9325    0.9102       163

                accuracy                         0.9379      1561
               macro avg     0.9318    0.9345    0.9329      1561
            weighted avg     0.9385    0.9379    0.9379      1561


Best val macro-F1: 0.9329 @ epoch 38
Results saved to: E:\GitHub\Personal\krishidoc_ml\experiments\exp12_efficientnet_b0_weighted\results
Full log:         E:\GitHub\Personal\krishidoc_ml\experiments\exp12_efficientnet_b0_weighted\results\training.log

Note: test set was NOT evaluated. Per protocol, test is locked until
the final winning experiment.
