Epoch 001 | loss 1.5690 | val macro-F1 0.4812 | val acc 0.5272 | lr 3.00e-04 | 79.9s
  saved best checkpoint (val macro-F1: 0.4812)
Epoch 002 | loss 0.8522 | val macro-F1 0.7551 | val acc 0.7643 | lr 3.00e-04 | 78.5s
  saved best checkpoint (val macro-F1: 0.7551)
Epoch 003 | loss 0.5821 | val macro-F1 0.8111 | val acc 0.8123 | lr 3.00e-04 | 78.5s
  saved best checkpoint (val macro-F1: 0.8111)
Epoch 004 | loss 0.4670 | val macro-F1 0.8687 | val acc 0.8776 | lr 3.00e-04 | 78.7s
  saved best checkpoint (val macro-F1: 0.8687)
Epoch 005 | loss 0.3599 | val macro-F1 0.8668 | val acc 0.8725 | lr 3.00e-04 | 77.7s
--- Phase B: unfreeze all, OneCycleLR max_lr=0.0015 ---
Epoch 006 | loss 0.2853 | val macro-F1 0.8690 | val acc 0.8770 | lr 3.32e-04 | 75.5s
  saved best checkpoint (val macro-F1: 0.8690)
Epoch 007 | loss 0.5035 | val macro-F1 0.6261 | val acc 0.6707 | lr 9.43e-04 | 74.5s
Epoch 008 | loss 0.5557 | val macro-F1 0.6797 | val acc 0.7252 | lr 1.43e-03 | 76.3s
Epoch 009 | loss 0.4853 | val macro-F1 0.7802 | val acc 0.8040 | lr 1.50e-03 | 76.5s
Epoch 010 | loss 0.3325 | val macro-F1 0.8123 | val acc 0.8296 | lr 1.49e-03 | 76.5s
Epoch 011 | loss 0.3139 | val macro-F1 0.8625 | val acc 0.8700 | lr 1.48e-03 | 80.4s
Epoch 012 | loss 0.2746 | val macro-F1 0.8692 | val acc 0.8744 | lr 1.45e-03 | 80.5s
  saved best checkpoint (val macro-F1: 0.8692)
Epoch 013 | loss 0.2147 | val macro-F1 0.8953 | val acc 0.9084 | lr 1.43e-03 | 79.9s
  saved best checkpoint (val macro-F1: 0.8953)
Epoch 014 | loss 0.1648 | val macro-F1 0.8753 | val acc 0.8783 | lr 1.39e-03 | 80.1s
Epoch 015 | loss 0.1668 | val macro-F1 0.9198 | val acc 0.9206 | lr 1.35e-03 | 83.5s
  saved best checkpoint (val macro-F1: 0.9198)
Epoch 016 | loss 0.1362 | val macro-F1 0.9108 | val acc 0.9212 | lr 1.30e-03 | 77.6s
Epoch 017 | loss 0.1068 | val macro-F1 0.9246 | val acc 0.9276 | lr 1.25e-03 | 78.3s
  saved best checkpoint (val macro-F1: 0.9246)
Epoch 018 | loss 0.1139 | val macro-F1 0.9388 | val acc 0.9455 | lr 1.19e-03 | 79.9s
  saved best checkpoint (val macro-F1: 0.9388)
Epoch 019 | loss 0.0973 | val macro-F1 0.9219 | val acc 0.9263 | lr 1.12e-03 | 80.2s
Epoch 020 | loss 0.1021 | val macro-F1 0.9417 | val acc 0.9481 | lr 1.06e-03 | 77.2s
  saved best checkpoint (val macro-F1: 0.9417)
Epoch 021 | loss 0.0937 | val macro-F1 0.9229 | val acc 0.9327 | lr 9.88e-04 | 78.2s
Epoch 022 | loss 0.0864 | val macro-F1 0.9513 | val acc 0.9539 | lr 9.16e-04 | 78.8s
  saved best checkpoint (val macro-F1: 0.9513)
Epoch 023 | loss 0.0585 | val macro-F1 0.9525 | val acc 0.9558 | lr 8.43e-04 | 78.4s
  saved best checkpoint (val macro-F1: 0.9525)
Epoch 024 | loss 0.0408 | val macro-F1 0.9646 | val acc 0.9635 | lr 7.68e-04 | 78.6s
  saved best checkpoint (val macro-F1: 0.9646)
Epoch 025 | loss 0.0474 | val macro-F1 0.9604 | val acc 0.9609 | lr 6.93e-04 | 78.3s
Epoch 026 | loss 0.0286 | val macro-F1 0.9680 | val acc 0.9673 | lr 6.19e-04 | 89.5s
  saved best checkpoint (val macro-F1: 0.9680)
Epoch 027 | loss 0.0227 | val macro-F1 0.9703 | val acc 0.9705 | lr 5.46e-04 | 75.8s
  saved best checkpoint (val macro-F1: 0.9703)
Epoch 028 | loss 0.0231 | val macro-F1 0.9701 | val acc 0.9699 | lr 4.75e-04 | 74.3s
Epoch 029 | loss 0.0206 | val macro-F1 0.9700 | val acc 0.9693 | lr 4.07e-04 | 75.0s
Epoch 030 | loss 0.0138 | val macro-F1 0.9738 | val acc 0.9725 | lr 3.43e-04 | 75.6s
  saved best checkpoint (val macro-F1: 0.9738)
Epoch 031 | loss 0.0133 | val macro-F1 0.9779 | val acc 0.9763 | lr 2.82e-04 | 75.0s
  saved best checkpoint (val macro-F1: 0.9779)
Epoch 032 | loss 0.0130 | val macro-F1 0.9750 | val acc 0.9744 | lr 2.26e-04 | 74.4s
Epoch 033 | loss 0.0104 | val macro-F1 0.9757 | val acc 0.9750 | lr 1.75e-04 | 75.5s
Epoch 034 | loss 0.0092 | val macro-F1 0.9734 | val acc 0.9731 | lr 1.30e-04 | 75.3s
Epoch 035 | loss 0.0094 | val macro-F1 0.9742 | val acc 0.9731 | lr 9.10e-05 | 77.3s
Epoch 036 | loss 0.0068 | val macro-F1 0.9745 | val acc 0.9744 | lr 5.86e-05 | 74.4s
Epoch 037 | loss 0.0073 | val macro-F1 0.9739 | val acc 0.9737 | lr 3.31e-05 | 84.4s
Epoch 038 | loss 0.0070 | val macro-F1 0.9739 | val acc 0.9737 | lr 1.47e-05 | 78.9s
Epoch 039 | loss 0.0071 | val macro-F1 0.9744 | val acc 0.9744 | lr 3.67e-06 | 76.4s
Epoch 040 | loss 0.0061 | val macro-F1 0.9744 | val acc 0.9744 | lr 6.29e-09 | 74.3s

Training complete. Best val macro-F1: 0.9779 @ epoch 31. Total: 52.0 min, peak VRAM 1586.2 MB

Loading best checkpoint for final val evaluation...

Measuring model cost and inference latency...
  params: 4.215 M  |  MACs: 0.234 G  |  ckpt: 17.07 MB
  CPU latency (mean/p95): 15.02 / 17.55 ms
  GPU latency (mean/p95): 10.96 / 12.7 ms
                          precision    recall  f1-score   support

   bacterial_leaf_blight     0.9722    0.9722    0.9722        72
   bacterial_leaf_streak     1.0000    1.0000    1.0000        57
bacterial_panicle_blight     0.9804    0.9804    0.9804        51
                   blast     0.9625    0.9847    0.9735       261
              brown_spot     0.9929    0.9586    0.9754       145
              dead_heart     1.0000    0.9954    0.9977       216
            downy_mildew     0.9674    0.9570    0.9622        93
                   hispa     0.9784    0.9456    0.9617       239
                  normal     0.9591    0.9773    0.9681       264
                  tungro     0.9760    1.0000    0.9879       163

                accuracy                         0.9763      1561
               macro avg     0.9789    0.9771    0.9779      1561
            weighted avg     0.9765    0.9763    0.9763      1561


Best val macro-F1: 0.9779 @ epoch 31
Results saved to: E:\GitHub\Personal\krishidoc_ml\experiments\exp09_mobilenetv3large_onecycle_sweep\results\maxlr_15e4
Full log:         E:\GitHub\Personal\krishidoc_ml\experiments\exp09_mobilenetv3large_onecycle_sweep\results\maxlr_15e4\training.log

Note: test set was NOT evaluated. Per protocol, test is locked until
the final winning experiment.
